[2026-02-02 18:44:02,969] [INFO] test: final testing started.
[2026-02-02 18:44:02,974] [INFO] test: Recall for batch 0: 0.8571428656578064
[2026-02-02 18:44:02,977] [INFO] test: Recall for batch 1: 0.9523809552192688
[2026-02-02 18:44:02,979] [INFO] test: Recall for batch 2: 0.5
[2026-02-02 18:44:02,980] [INFO] test: Recall on all testing data: 0.8541666865348816